[INFO] Error stacktraces are turned on.
[INFO] Scanning for projects...
[INFO] 
[INFO] --------------------< com.enterprise:saas-backend >---------------------
[INFO] Building Enterprise SaaS Backend 1.0.0
[INFO]   from pom.xml
[INFO] --------------------------------[ jar ]---------------------------------
[INFO] 
[INFO] --- clean:3.3.2:clean (default-clean) @ saas-backend ---
[INFO] Deleting D:\AITest\SaaS-PC\SaaS-\server\target
[INFO] 
[INFO] --- resources:3.3.1:resources (default-resources) @ saas-backend ---
[INFO] Copying 1 resource from src\main\resources to target\classes
[INFO] Copying 0 resource from src\main\resources to target\classes
[INFO] 
[INFO] --- compiler:3.11.0:compile (default-compile) @ saas-backend ---
[INFO] Changes detected - recompiling the module! :source
[INFO] Compiling 25 source files with javac [debug release 17] to target\classes
[INFO] 鐢变簬鍦ㄧ被璺緞涓彂鐜颁簡涓€涓垨澶氫釜澶勭悊绋嬪簭锛屽洜姝ゅ惎鐢ㄤ簡
  鎵规敞澶勭悊銆傛湭鏉ュ彂琛岀増鐨?javac 鍙兘浼氱鐢ㄦ壒娉ㄥ鐞嗭紝
  闄ら潪鑷冲皯鎸夊悕绉版寚瀹氫簡涓€涓鐞嗙▼搴?(-processor)锛?  鎴栨寚瀹氫簡鎼滅储璺緞 (--processor-path, --processor-module-path)锛?  鎴栨樉寮忓惎鐢ㄤ簡鎵规敞澶勭悊 (-proc:only, -proc:full)銆?  鍙娇鐢?-Xlint:-options 闅愯棌姝ゆ秷鎭€?  鍙娇鐢?-proc:none 绂佺敤鎵规敞澶勭悊銆?
[INFO] ------------------------------------------------------------------------
[INFO] BUILD SUCCESS
[INFO] ------------------------------------------------------------------------
[INFO] Total time:  5.188 s
[INFO] Finished at: 2026-02-01T19:46:40+08:00
[INFO] ------------------------------------------------------------------------
